[    0.0000] Initializing cgroup subsys cpuset
[    0.000000] Initializing cgroup subsys cpu
[    0.000000] Initializing cgroup subsys cpuacct
[    0.000000] Linux version 4.4.0-47-generic (buildd@lcy01-03) (gcc version 5.4.0 20160609 (Ubuntu 5.4.0-6ubuntu1~16.04.2) ) #68-Ubuntu SMP Wed Oct 26 19:39:52 UTC 2016 (Ubuntu 4.4.0-47.68-generic 4.4.24)
[    0.000000] Command line: BOOT_IMAGE=/boot/vmlinuz-4.4.0-47-generic root=LABEL=cloudimg-rootfs ro console=tty1 console=ttyS0
[    0.000000] KERNEL supported cpus:
[    0.000000]   Intel GenuineIntel
[    0.000000]   AMD AuthenticAMD
[    0.000000]   Centaur CentaurHauls
[    0.000000] x86/fpu: xstate_offset[2]:  576, xstate_sizes[2]:  256
[    0.000000] x86/fpu: Supporting XSAVE feature 0x01: 'x87 floating point registers'
[    0.000000] x86/fpu: Supporting XSAVE feature 0x02: 'SSE registers'
[    0.000000] x86/fpu: Supporting XSAVE feature 0x04: 'AVX registers'
[    0.000000] x86/fpu: Enabled xstate features 0x7, context size is 832 bytes, using 'standard' format.
[    0.000000] x86/fpu: Using 'lazy' FPU context switches.
[    0.000000] e820: BIOS-provided physical RAM map:
[    0.000000] BIOS-e820: [mem 0x0000000000000000-0x000000000009fbff] usable
[    0.000000] BIOS-e820: [mem 0x000000000009fc00-0x000000000009ffff] reserved
[    0.000000] BIOS-e820: [mem 0x00000000000f0000-0x00000000000fffff] reserved
[    0.000000] BIOS-e820: [mem 0x0000000000100000-0x000000001ffeffff] usable
[   .000000 BS-820:me 000000001f000-0x000001ffffff] ACP da
[   0.000] BIOS-82 [em 0x0000ffc0000-0x00000fffffff rered
[    .000] NXExut Disbl potection: active
[    0.000000] SMBIOS 2.5 present.
[    0.000000] Hypervisor detected: KVM
[    0.000000] e820: last_pfn = 0x1fff0 max_arch_pfn = 0x400000000
[    0.000000] MTRR: Disabled
[    0.000000] x86/PAT: MTRRs disabled, skipping PAT initialization too.
[    0.000000] x86/PAT: Configuration [0-7]: WB  WT  UC- UC  WB  WT  UC- UC  
[    0.000000] CPU MTRRs all blank - virtualized system.
[    0.000000] found SMP MP-table at [mem 0x0009fff0-0x0009ffff] mapped at [ffff88000009fff0]
[    0.000000] Scanning 1 areas for low memory corruption
[    0.000000] RAMDISK: [mem 0x1ef64000-0x1f773fff]
[    0.000000] ACPI: Early table checksum verification disabled
[    0.000000] ACPI: RSDP 0x00000000000E0000 000024 (v02 VBOX  )
[    0.000000] ACPI: XSDT 0x000000001FFF0030 00003C (v01 VBOX   VBOXXSDT 00000001 ASL  00000061)
[    0.000000] ACPI: FACP 0x000000001FFF00F0 0000F4 (v04 VBOX   VBOXFACP 00000001 ASL  00000061)
[    0.000000] ACPI: DSDT 0x000000001FFF0470 002118 (v01 VBOX   VBOXBIOS 00000002 INTL 20140214)
[    0.000000] ACPI: FACS 0x000000001FFF0200 000040
[    0.000000] ACPI: FACS 0x000000001FFF0200 000040
[    0.000000] ACPI: APIC 0x000000001FFF0240 00005C (v02 VBOX   VBOXAPIC 00000001 ASL  00000061)
[    0.000000] ACPI: SSDT 0x000000001FFF02A0 0001CC (v01 VBOX   VBOXCPUT 00000002 INTL 20140214)
[    0.000000] No NUMA configuration found
[    0.000000] Faking a node t [mem 0x0000000000000000-0x000000001ffeffff]
[    0.000000] NODE_DATA(0) allocated [mem 0x1ffeb000-0x1ffeffff]
[    0.000000] kvm-clock: Using msrs 4b564d01 and 4b564d00
[    0.000000] kvm-clock: cpu 0, msr 0:1ffe7001, primary cpu clock
[    0.000000] kvm-clock: using sched offset of 3025541419 cycles
[    0.000000] clocksource: kvm-clock: mask: 0xffffffffffffffff max_cycles: 0x1cd42e4dffb, max_idle_ns: 881590591483 ns
[    0.000000] Zone ranges:
[    0.000000]   DMA      [mem 0x0000000000001000-0x0000000000ffffff]
[    0.000000]   DMA32    [mem 0x0000000001000000-0x000000001ffeffff]
[    0.000000]   Normal   empty
[    0.000000]   Device   empty
[    0.000000] Movable zone start for each node
[    0.000000] Early memory node ranges
[    0.000000]   node   0: [mem 0x0000000000001000-0x000000000009efff]
[    0.000000]   node   0: [mem 0x0000000000100000-0x000000001ffeffff]
[    0.000000] Initmem setup node 0 [mem 0x0000000000001000-0x000000001ffeffff]
[    0.000000] ACPI: PM-Timer IO Port: 0x4008
[    0.000000] IOAPIC[0]: apic_id 2, versio 17, address 0xfec00000, GSI 0-23
[    0.000000] ACPI: INT_SRC_OVR (bus 0 bus_irq 0 global_irq 2 dfl dfl)
[    0.000000] ACPI: INT_SRC_OVR (bus 0 bus_irq 9 global_irq 9 high level)
[    0.000000] Using ACPI (MADT) for SMP configuration information
[    0.000000] smpboot: Allowing 2 CPUs, 0 hotplug CPUs
[    0.000000] PM: Registered nosave memory: [mem 0x00000000-0x00000fff]
[    0.0000000] PM: Registered nosave memory: [mem 0x0009f000-0x0009ffff]
[    0.000000] PM: Registered nosave memory: [mem 0x000a0000-0x000effff]
[    0.000000] PM: Registered nosave memory: [mem 0x000f0000-0x000fffff]
[    0.000000] e820: [mem 0x20000000-0xfffbffff] available for PCI devices
[    0.000000] Booting paravirtualized kernel on KVM
[    0.000000] clocksource: refined-jiffies: mask: 0xffffffff max_cycles: 0xffffffff, max_idle_ns: 7645519600211568 ns
[    0.000000] setup_percpu: NR_CPUS:256 nr_cpumask_bits:256 nr_cpu_ids:2 nr_node_ids:1
[    0.000000] PERCPU: Embedded 33 pages/cpu @ffff88001fc00000 s98008 r8192 d28968 u1048576
[    0.000000] PV qspinlock hash table entries: 256 (order: 0, 4096 bytes)
[    0.000000] Built 1 zonelists in Node order, mobility grouping on.  Total pages: 128889
[    0.000000] Policy zone: DMA32
[    0.000000] Kernel command line: BOOT_IMAGE=/boot/vmlinuz-4.4.0-47-generic root=LABEL=cloudimg-rootfs ro console=tty1 console=ttyS0
[    0.000000] PID hash table entries: 2048 (order: 2, 16384 bytes)
[    0.000000] Memory: 488296K/523832K available (8423K kernel code, 1285K rwdata, 3952K rodata, 1480K init, 1292K bss, 35536K reserved, 0K cma-reserved)
[    0.000000] SLUB: HWalign=64, Order=0-3, MinObjects=0, CPUs=2, Nodes=1
[    0.000000] Hierarchical RCU implementation.
[    0.000000] 	Build-time adjustment of leaf fanout to 64.
[    0.000000] 	RCU restricting CPUs from NR_CPUS=256 to nr_cpu_ids=2.
[    0.000000] RCU: Adjusting geometry for rcu_fanout_leaf=64, nr_cpu_ids=2
[    0.000000] NR_IRQS:16640 nr_irqs:440 16
[    0.000000] Console: colour VGA+ 80x25
[    0.000000] console [tty1] enabled
[    0.000000] console [ttyS0] enabled
[    0.000000] tsc: Detected 2593.990 MHz processor
[    0.929332] Calibrating delay loop (skipped) preset value.. 5187.98 BogoMIPS (lpj=10375960)
[    0.930634] pid_max: default: 32768 minimum: 301
[    0.931326] ACPI: Core revision 20150930
[    0.932767] ACPI: 2 ACPI AML tables successfully acquired and loaded
[    0.933775] Security Framework initialized
[    0.934412] Yama: becoming mindful.
[    0.934999] AppArmor: AppArmor initialized
[    0.935681] Dentry cache hash table entries: 65536 (order: 7, 524288 bytes)
[    0.936691] Inode-cache hash table entries: 32768 (order: 6, 262144 bytes)
[    0.937650] Mount-cache hash table entries: 1024 (order: 1, 8192 bytes)
[    0.938540] Mountpoint-cache hash table entries: 1024 (order: 1, 8192 bytes)
[    0.939593] Initializing cgroup subsys io
[    0.940230] Initializing cgroup subsys memory
[    0.940914] Initializing cgroup subsys devices
[    0.941592] Initializing cgroup subsys freezer
[    0.942264] Initializing cgroup subsys net_cls
[    0.942936] Initializing cgroup subsys perf_event
[    0.943634] Initializing cgroup subsys net_prio
[    0.944315] Initializing cgroup subsys hugetlb
[    0.945004] Initializing cgroup subsys pids
[    0.945717] CPU: Physical Processor ID: 0
[    0.946346] CPU: Processor Core ID: 0
[    0.947823] mce: CPU supports 0 MCE banks
[    0.948468] Last level iTLB entries: 4KB 64, 2MB 8, 4MB 8
[    0.949253] Last level dTLB entries: 4KB 64, 2MB 0, 4MB 0, 1GB 4
[    0.951659] Freeing SMP alternatives memory: 32K (ffffffff820b5000 - ffffffff820bd000)
[    0.959704] ftrace: allocating 32047 entries in 126 pages
[    1.088572] smpboot: Max logical packages: 1
[    1.094549] smpboot: APIC(0) Converting physical 0 to logical package 0
[    1.096571] ..TIMER: vector=0x30 apic1=0 pin1=2 apic2=-1 pin2=-1
[    1.204644] smpboot: CPU0: Intel(R) Core(TM) i7-5600U CPU @ 2.60GHz (family: 0x6, model: 0x3d, stepping: 0x4)
[    1.305071] Performance Events: unsupported p6 CPU model 61 no PMU driver, software events only.
[    1.329178] KVM setup paravirtual spinlock
[    1.349102] x86: Booting SMP configuration:
[    1.365644] .... node  #0, CPUs:      #1
[    1.366362] kvm-clock: cpu 1, msr 0:1ffe7041, secondary cpu clock
[    1.367971] mce: CPU supports 0 MCE banks
[    1.370413] x86: Booted up 1 node, 2 CPUs
[    1.393621] smpboot: Total of 2 processors activated (10375.96 BogoMIPS)
[    1.397364] devtmpfs: initialized
[    1.399101] evm: security.selinux
[    1.399662] evm: security.SMACK64
[    1.400219] evm: security.SMACK64EXEC
[    1.400823] evm: security.SMACK64TRANSMUTE
[    1.401464] evm: security.SMACK64MMAP
[    1.402057] evm: security.ima
[    1.402581] evm: security.capability
[    1.403323] clocksource: jiffies: mask: 0xffffffff max_cycles: 0xffffffff, max_idle_ns: 7645041785100000 ns
[    1.404825] pinctrl core: initialized pinctrl subsystem
[    1.405673] RTC time:  4:02:33, date: 11/17/16
[    1.406496] NET: Registered protocol family 16
[    1.416521] cpuidle: using governor ladder
[    1.428685] cpuidle: using governor menu
[    1.429449] PCCT header not found.
[    1.430186] ACPI: bus type PCI registered
[    1.430848] acpiphp: ACPI Hot Plug PCI Controller Driver version: 0.5
[    1.431798] PCI: Using configuration type 1 for base access
[    1.445463] ACPI: Added _OSI(Module Device)
[    1.446248] ACPI: Added _OSI(Processor Device)
[    1.446995] ACPI: Added _OSI(3.0 _SCP Extensions)
[    1.447691] ACPI: Added _OSI(Processor Aggregator Device)
[    1.449062] ACPI: Executed 1 blocks of module-level executable AML code
[    1.451626] ACPI: Interpreter enabled
[    1.452233] ACPI: (supports S0 S5)
[    1.452813] ACPI: Using IOAPIC for interrupt routing
[    1.453668] PCI: Using host bridge windows from ACPI; if necessary, use "pci=nocrs" and report a bug
[    1.457718] ACPI: PCI Root Bridge [PCI0] (domain 0000 [bus 00-ff])
[    1.458570] acpi PNP0A03:00: _OSC: OS supports [ASPM ClockPM Segments MSI]
[    1.459510] acpi PNP0A03:00: _OSC failed (AE_NOT_FOUND); disabling ASPM
[    1.460401] acpi PNP0A03:00: fail to add MMCONFIG information, can't access extended PCI configuration space under this bridge.
[    1.462160] PCI host bridge to bus 0000:00
[    1.462798] pci_bus 0000:00: root bus resource [io  0x0000-0x0cf7 window]
[    1.463717] pci_bus 0000:00: root bus resource [io  0x0d00-0xffff window]
[    1.464621] pci_bus 0000:00: root bus resource [mem 0x000a0000-0x000bffff window]
[    1.465805] pci_bus 0000:00: root bus resource [mem 0x20000000-0xffdfffff window]
[    1.466964] pci_bus 0000:00: root bus resource [bus 00-ff]
[    1.468806] pci 0000:00:01.1: legacy IDE quirk: reg 0x10: [io  0x01f0-0x01f7]
[    1.469773] pci 0000:00:01.1: legacy IDE quirk: reg 0x14: [io  0x03f6]
[    1.470649] pci 0000:00:01.1: legacy IDE quirk: reg 0x18: [io  0x0170-0x0177]
[    1.471606] pci 0000:00:01.1: legacy IDE quirk: reg 0x1c: [io  0x0376]
[    1.483256] ACPI: PCI Interrupt Link [LNKA] (IRQs 5 9 10 11) *0, disabled.
[    1.485817] ACPI: PCI Interrupt Link [LNKB] (IRQs 5 9 10 *11)
[    1.486989] ACPI: PCI Interrupt Link [LNKC] (IRQs 5 9 *10 11)
[    1.488157] ACPI: PCI Interrupt Link [LNKD] (IRQs 5 *9 10 11)
[    1.489340] ACPI: Enabled 2 GPEs in block 00 to 07
[    1.490423] vgaarb: setting as boot device: PCI:0000:00:02.0
[    1.491218] vgaarb: device added: PCI:0000:00:02.0,decodes=io+mem,owns=io+mem,locks=none
[    1.492448] vgaarb: loaded
[    1.502104] vgaarb: bridge control possible 0000:00:02.0
[    1.503095] SCSI subsystem initialized
[    1.504317] ACPI: bus type USB registered
[    1.508866] usbcore: registered new interface driver usbfs
[    1.509670] usbcore: registered new interface driver hub
[    1.510468] usbcore: registered new device driver usb
[    1.511521] PCI: Using ACPI for IRQ routing
[    1.512392] NetLabel: Initializing
[    1.512989] NetLabel:  domain hash size = 128
[    1.513672] NetLabel:  protocols = UNLABELED CIPSOv4
[    1.514434] NetLabel:  unlabeled traffic allowed by default
[    1.518226] amd_nb: Cannot enumerate AMD northbridges
[    1.519021] clocksource: Switched to clocksource kvm-clock
[    1.525597] AppArmor: AppArmor Filesystem Enabled
[    1.528091] pnp: PnP ACPI init
[    1.529187] pnp: PnP ACPI: found 3 devices
[    1.535330] clocksource: acpi_pm: mask: 0xffffff max_cycles: 0xffffff, max_idle_ns: 2085701024 ns
[    1.536686] NET: Registered protocol family 2
[    1.537504] TCP established hash table entries: 4096 (order: 3, 32768 bytes)
[    1.538467] TCP bind hash table entries: 4096 (order: 4, 65536 bytes)
[    1.539358] TCP: Hash tables configured (established 4096 bind 4096)
[    1.540271] UDP hash table entries: 256 (order: 1, 8192 bytes)
[    1.541096] UDP-Lite hash table entries: 256 (order: 1, 8192 bytes)
[    1.544538] NET: Registered protocol family 1
[    1.545231] pci 0000:00:00.0: Limiting direct PCI/PCI transfers
[    1.546080] pci 0000:00:01.0: Activating ISA DMA hang workarounds
[    1.547023] Trying to unpack rootfs image as initramfs...
[    2.709833] Freeing initrd memory: 8256K (ffff88001ef64000 - ffff88001f774000)
[    2.720373] RAPL PMU detected, API unit is 2^-32 Joules, 4 fixed counters 10737418240 ms ovfl timer
[    2.721708] hw unit of domain pp0-core 2^-0 Joules
[    2.722423] hw unit of domain package 2^-0 Joules
[    2.724206] hw unit of domain dram 2^-0 Joules
[    2.724887] hw unit of domain pp1-gpu 2^-0 Joules
[    2.725666] platform rtc_cmos: registered platform RTC device (no PNP device found)
[    2.726894] Scanning for low memory corruption every 60 seconds
[    2.728168] futex hash table entries: 512 (order: 3, 32768 bytes)
[    2.729043] audit: initializing netlink subsys (disabled)
[    2.729849] audit: type=2000 audit(1479355358.080:1): initialized
[    2.730926] Initialise system trusted keyring
[    2.731834] HugeTLB registered 2 MB page size, pre-allocated 0 pages
[    2.734211] zbud: loaded
[    2.740381] VFS: Disk quotas dquot_6.6.0
[    2.741078] VFS: Dquot-cache hash table entries: 512 (order 0, 4096 bytes)
[    2.742303] squashfs: version 4.0 (2009/01/31) Phillip Lougher
[    2.743555] fuse init (API version 7.23)
[    2.744442] Key type big_key registered
[    2.745112] Allocating IMA MOK and blacklist keyrings.
[    2.747394] Key type asymmetric registered
[    2.748106] Asymmetric key parser 'x509' registered
[    2.751742] Block layer SCSI generic (bsg) driver version 0.4 loaded (major 249)
[    2.752990] io scheduler noop registered
[    2.753625] io scheduler deadline registered (default)
[    2.754398] io scheduler cfq registered
[    2.755112] pci_hotplug: PCI Hot Plug PCI Core version: 0.5
[    2.755895] pciehp: PCI Express Hot Plug Controller Driver version: 0.4
[    2.756867] ACPI: AC Adapter [AC] (off-line)
[    2.757568] input: Power Button as /devices/LNXSYSTM:00/LNXPWRBN:00/input/input0
[    2.758710] ACPI: Power Button [PWRF]
[    2.759386] input: Sleep Button as /devices/LNXSYSTM:00/LNXSLPBN:00/input/input1
[    2.760530] ACPI: Sleep Button [SLPF]
[    2.761738] ACPI: Battery Slot [BAT0] (battery present)
[    2.762511] GHES: HEST is not enabled!
[    2.763258] Serial: 8250/16550 driver, 32 ports, IRQ sharing enabled
[    2.785569] 00:02: ttyS0 at I/O 0x3f8 (irq = 4, base_baud = 115200) is a 16550A
[    2.856691] Linux agpgart interface v0.103
[    2.859864] brd: module loaded
[    2.865933] loop: module loaded
[    2.869112] scsi host0: ata_piix
[    2.869954] scsi host1: ata_piix
[    2.870612] ata1: PATA max UDMA/33 cmd 0x1f0 ctl 0x3f6 bmdma 0xd000 irq 14
[    2.871663] ata2: PATA max UDMA/33 cmd 0x170 ctl 0x376 bmdma 0xd008 rrq 15
[    2.904554] libphy: Fixed MDIO Bus: probed
[    2.905308] tun: Universal TUN/TAP device driver, 1.6
[    2.909037] tun: (C) 1999-2004 Max Krasnyansky <maxk@qualcomm.com>
[    2.910010] PPP generic driver version 2.4.2
[    2.910768] ehci_hcd: USB 2.0 'Enhanced' Host Controller (EHCI) Driver
[    2.911760] ehci-pci: EHCI PCI platform driver
[    2.912505] ehci-platform: EHCI generic platform driver
[    2.913329] ohci_hcd: USB 1.1 'Open' Host Controller (OHCI) Driver
[    2.916756] ohci-pci: OHCI PCI platform driver
[    2.917524] ohci-platform: OHCI generic platform driver
[    2.918349] uhci_hcd: USB Universal Host Controller Interface driver
[    2.919342] i8042: PNP: PS/2 Controller [PNP0303:PS2KPPNP0f03:PS2M] at 0x60,0x64 irq 1,12
[    2.945380] serio: i8042 KBD port at 0x60,0x64 irq 1
[    2.946195] serio: i8042 AUX port at 0x60,0x64 irq 12
[    2.947092] mousedev: PS/2 mouse device common for all mice
[    2.948337] rtc_cmos rtc_cmos: rtc core: registered rtc_cmos as rtc0
[    2.949383] rtc_cmos rtc_cmos: alarms up to one day, 114 bytes nvram
[    2.950388] i2c /dev entries driver
[    2.951150] input: AT Translated Set 2 keyboard as /devices/platform/i8042/serio0/input/input2
[    2.952604] device-mapper: uevent: version 1.0.3
[    2.953525] device-mapper: ioctl: 4.34.0-ioctl (2015-10-28) initialise:: dm-devel@rehhtt.com
[    3.284722] ledtrig-cpu: registered to indicate activity on CPUs
[    3.385476] NET: Registered protocol family 10
[    3.434906] NET: Registered protocol family 17
[    3.435637] Key type dns_resolver registered
[    3.436466] microcode: CPU0 sig=0x306d4, pf=0x40, revision=0x0
[    3.437378] microcode: CPU1 sig=0x306d4, pf=0x40, revision=0x0
[    3.441273] microcode: Microcode Update Driver: v2.01 <tigran@aivazian.fsnet.co.uk>, Peter Oruba
[    3.444600] registered taskstats version 1
[    3.445271] Loading compiled-in X.509 certificates
[    3.446561] Loaded X.509 cert 'Build time autogenerated kernel key: f7bc719d96df7c6d6fed8f4b9fd5d4ff001383c8'
[    3.448048] zswap: loaded using pool lzo/zbud
[    3.450029] Key type trusted registered
[    3.454843] Key type encrypted registered
[    3.494636] AppArmor: AppArmor sha1 policy hashing enabled
[    3.495459] ima: No TPM chip found, activating TPM-bypass!
[    3.496271] evm: HMAC attrs: 0x1
[    3.497042]   Magic number: 8:690:9
[    3.497747] rtc_cmos rtc_cmos: setting system clock to 2016-11-17 04:02:35 UTC (1479355355)
[    3.499159] BIOS EDD facility v0.16 2004-Jun-25, 0 devices found
[    3.500009] EDD information not available.
[    3.501771] Freeing unused kernel memory: 1480K (ffffffff81f43000 - ffffffff820b5000)
[    3.502997] Write protecting the kernel read-only data: 14336k
[    3.504372] Freeing unused kernel memory: 1804K (ffff88000183d000 - ffff880001a00000)
[    3.505921] Freeing unused kernel memory: 144K (ffff880001ddc000 - ffff880001e00000)
Loading, please wait...
starting version[    3.517766] random: systemd-udevd: uninitialized urandom read (16 bytes read, 3 bits of entropy available)
 229
[    3.520941] random: udevadm: uninitialized urandom read (16 bytes read, 3 bits of entropy available)
[    3.520972] random: udevadm: uninitialized urandom read (16 bytes read, 3 bits of entropy available)
[    3.521069] random: udevadm: uninitialized urandom read (16 bytes read, 3 bits of entropy available)
[    3.521105] random: udevadm: uninitialized urandom read (16 bytes read, 3 bits of entropy available)
[    3.521138] random: udevadm: uninitialized urandom read (16 bytes read, 3 bits of entropy available)
[    3.521170] random: udevadm: uninitialized urandom read (16 bytes read, 3 bits of entropy available)
[    3.521201] random: udevadm: uninitialized urandom read (16 bytes read, 3 bits of entropy available)
[    3.521234] random: udevadm: uninitialized urandom read (16 bytes read, 3 bits of entropy available)
[    3.521264] random: udevadm: uninitialized urandom read (16 bytes read, 3 bits of entropy available)
[    3.558954] Fusion MPT base driver 3.04.20
[    3.574713] Copyright (c) 1999-2008 LSI Corporation
[    3.577608] e1000: Intel(R) PRO/1000 Network Driver - version 7.3.21-k8-NAPI
[    3.654969] e1000: Copyright (c) 1999-2006 Intel Corporation.
[    3.660627] Fusion MPT SPI Host driver 3.04.20
[    3.784453] tsc: Refined TSC clocksource calibration: 2594.045 MHz
[    3.785470] clocksource: tsc: mask: 0xffffffffffffffff max_cycles: 0x256442a1ed9, max_idle_ns: 440795311129 ns
[    3.805345] AVX version of gcm_enc/dec engaged.
[    4.024404] AES CTR mode by8 optimization enabled
[    4.232589] input: ImExPS/2 Generic Explorer Mouse as /devices/platform/i8042/serio1/input/input4
[    4.365080] e1000 0000:00:03.0 eth0: (PCI:33MHz:32-bit) 02:ac:52:cc:1b:9c
[    4.408433] e1000 0000:00:03.0 eth0: Intel(R) PRO/1000 Network Connection
[    4.410045] mptbase: ioc0: Initiating bringup
[    4.410094] e1000 0000:00:03.0 enp0s3: renamed from eth0
[    4.475290] ioc0: LSI53C1030 A0: Capabilities={Initiator}
[    4.640763] scsi host2: ioc0: LSI53C1030 A0, FwRev=00000000h, Ports=1, MaxQ=256, IRQ=20
[    4.939505] scsi 2:0:0:0: Direct-Access     VBOX     HARDDISK         1.0  PQ: 0 ANSI: 5
[    4.946173] scsi target2:0:0: Beginning Domain Validation
[    4.947646] scsi target2:0:0: Domain Validation skipping write tests
[    4.948588] scsi target2:0:0: Ending Domain Validation
[    4.949427] scsi target2:0:0: asynchronous
[    4.950447] scsi 2:0:1:0: Direct-Access     VBOX     HARDDISK         1.0  PQ: 0 ANSI: 5
[    4.960630] scsi target2:0:1: Beginning Domain Validation
[    4.962194] scsi target2:0:1: Domain Validation skipping write tests
[    4.963138] scsi target2:0:1: Ending Domain Validation
[    4.964018] scsi target2:0:1: asynchronous
[    4.970921] sd 2:0:0:0: Attached scsi generic sg0 type 0
[    4.971816] sd 2:0:0:0: [sda] 20971520 512-byte logical blocks: (10.7 GB/10.0 GiB)
[    4.973607] sd 2:0:0:0: [sda] Write Protect is off
[    4.973622] sd 2:0:1:0: Attached scsi generic sg1 type 0
[    4.975206] sd 2:0:1:0: [sdb] 20480 512-byte logical blocks: (10.5 MB/10.0 MiB)
[    4.976539] sd 2:0:0:0: [sda] Incomplete mode parameter data
[    4.977352] sd 2:0:0:0: [sda] Assuming drive cache: write through
[    4.978350] sd 2:0:1:0: [sdb] Write Protect is off
[    4.979384] sd 2:0:1:0: [sdb] Incomplete mode parameter data
[    4.980226] sd 2:0:1:0: [sdb] Assuming drive cache: write through
[    4.982022]  sda: sda1
[    4.991278] sd 2:0:0:0: [sda] Attached SCSI disk
[    4.991654] sd 2:0:1:0: [sdb] Attached SCSI disk
[    7.054310] floppy0: no floppy controllers found
Begin: Loading e[    8.377237] md: linear personality registered for level -1
ssential drivers[    8.463722] md: multipath personality registered for level -4
 ... [    8.549925] md: raid0 personality registered for level 0
[    8.554160] md: raid1 personality registered for level 1
[    8.667540] raid6: sse2x1   gen()  9476 MB/s
[    8.814040] raid6: sse2x1   xor()  7756 MB/s
[    8.934078] raid6: sse2x2   gen() 12934 MB/s
[    9.014079] raid6: sse2x2   xor()  8628 MB/s
[    9.151300] raid6: sse2x4   gen() 14134 MB/s
[    9.294072] raid6: sse2x4   xor() 10153 MB/s
[    9.385620] raid6: using algorithm sse2x4 gen() 14134 MB/s
[    9.386416] raid6: .... xor() 10153 MB/s, rmw enabled
[    9.387169] raid6: using ssse3x2 recovery algorithm
[    9.389321] xor: automatically using best checksumming function:
[    9.431060]    avx       : 20222.000 MB/sec
[    9.437052] async_tx: api initialized (async)
[    9.492209] md: raid6 personality registered for level 6
[    9.684428] md: raid5 personality registered for level 5
[    9.704770] md: raid4 personality registered for level 4
[    9.710387] md: raid10 personality registered for level 10
done.
Begin: Running /scripts/init-premount ... done.
Begin: Mounting root file system ... Begin: Running /scripts/local-top ... done.
Begin: Running /scripts/local-[    9.760240] Btrfs loaded
premount ... Scanning for Btrfs filesystems
done.
Warning: fsck no[    9.803353] EXT4-fs (sda1): mounted filesystem with ordered data mode. Opts: (null)
t present, so skipping root file system
done.
Begin: Running /scripts/local-bottom ... done.
Begin: Running /scripts/init-bottom ... Warning: overlayroot: debug is busted
done.
[   10.133552] systemd[1]: systemd 229 running in system mode. (+PAM +AUDIT +SELINUX +IMA +APPARMOR +SMACK +SYSVINIT +UTMP +LIBCRYPTSETUP +GCRYPT +GNUTLS +ACL +XZ -LZ4 +SECCOMP +BLKID +ELFUTILS +KMOD -IDN)
[   10.196444] systemd[1]: Detected virtualization oracle.
[   10.305542] systemd[1]: Detected architecture x86-64.

Welcome to [1mUbuntu 16.04.1 LTS[0m!

[   10.343811] systemd[1]: Set hostname to <ubuntu>.
[  10.356437] systemd[1]: Initializing machine ID from random generator.
[   10.378302] systemd[1]: Installed transient /etc/machine-id file.

[ 10888844] systemd[1]: Listening on udev Kernel Socket.
[[0;32m  OK  [0m] Listening on udev Kernel Socket.
[   11.262181] systemd[1]: Listening on Journal Socket.
[[0;32m  OK  [0m] Listening on Journal Socket.
[  11.264125] systemd[1]: Set up automount Arbitrary Executable File Formats File System Automount Point.
[[0;32m  OK  [0m] Set up automount Arbitrary Executab...ats File System Automount Point.
[   11.287678] systemd[1]: Listening on Journal Audit Socket.
[[0;32m  OK  [0m] Listening on Journal Audit Socket.
[   11.300906] systemd[1]: Started Forward Password Requests to Wall Directory Watch.
[[0;32m  OK  [0m] Started Forward Password Requests to Wall Directory Watch.
[   11.303287] systemd[1]: Reached target Swap.
[[0;32m  OK  [0m] Reached target Swap.
[   11.304828] systemd[1]: Listening on /dev/initctl Compatibility Named Pipe.
[[0;32m  OK  [0m] Listening on /dev/initctl Compatibility Named Pipe.
[   11.307120] systemd[1]: Listening on Syslog Socket.
[[0;32m  OK  [0m] Listening on Syslog Socket.
[   11.308767] systemd[1]: Listening on udev Control Socket.
[[0;32m  OK  [0m] Listening on udev Control Socket.
[  11.310723] systemd[1]: Created slice User and Session Slice.
[[0;32m  OK  [0m] Created slice User and Session Slice.
[   11.333330] systemd[1]: Listening on Journal Socket (/dev/log).
[[0;32m  OK  [0m] Listening on Journal Socket (/dev/log).
[   11.335247] systemd[1]: Listening on Device-mapper event daemon FIFOs.
[[0;32m  OK  [0m] Listening on Device-mapper event daemon FIFOs.
[   11.337188] systemd[1]: Reached target Encrypted Volumes.
[[0;32m  OK  [0m] Reached target Encrypted Volumes.
[   11.338966] systemd[1]: Listening on LVM2 poll daemon socket.
[[0;32m  OK  [0m] Listening on LVM2 poll daemon socket.
[  1.340966] systemd[1]: Created slice System Slice.
[[0;32m  OK  [0m] Created slice System Slice.

[   11.395347] systemd[1]: Starting Create list of required static device nodes for the current kernel...
         Starting Create list of required st... nodes for the current kernel...
[   11.412120] systemd[1]: Starting Set console keymap...
         Starting Set console keymap...
[   11.511391] systemd[1]: Starting Remount Root and Kernel File Systems...
[   11.697579] random: nonblocking pool is initialized
         Starting Remount[   11.738592] EXT4-fs (sda1): re-mounted. Opts: (null)
 Root and Kernel File Systems...
[   11.904658] systemd[1]: Reached target Slices.
[[0;32m  OK  [0m] Reached target Slices.
[   11.908089] systemd[1]: Starting Load Kernel Modules...
         Starting Load Kernel Modules...
[   11.913064] systemd[1]: Mounting Debug File System...
         Mounting Debug File System...
[   11.947288] Loading iSCSI transport class v2.0-870.
[   11.947698] systemd[1]: Mounting POSIX Message Queue File System...
         Mounting POSIX Message Queue File System...
[   11.953974] systemd[1]: Starting Nameserver information manager...
[   11.958567  ssssi: registered transport (tcp)
         Starting Nameserver information manager...
[   12.187742] systemd[1]: Reached target User and Group Name Lookups.
[[0;32m  OK  [0m] Reached target User and Group Na[   12.205215] iscsi: registered transport (iser)
me Lookups.
[   12.287067] systemd[1]: Listening on LVM2 metadata daemon socket.
[[0;32m  OK  [0m] Listening on LVM2 metadata daemon socket.
[   12.330582] systemd[1]: Starting Monitoring of LVM2 mirrors, snapshots etc. using dmeventd or progress polling...
         Starting Monitoring of LVM2 mirrors... dmeventd or progress polling...
[   12.338368] systemd[1]: Created slice system-serial\x2dgetty.slice.
[[0;32m  OK  [0m] Created slice system-serial\x2dgetty.slice.
[   12.435268] systemd[1]: Starting Journal Service...
         Starting Journal Service...
[   12.539305] systemd[1]: Mounting Huge Pages File System...
         Mounting Huge Pages File System...
[   12.650350] systemd[1]: Starting Uncomplicated firewall...
         Starting Uncomplicated firewall...
[   12.792007] systemd[1]: Mounted POSIX Message Queue File System.
[[0;32m  OK  [0m] Mounted POSIX Message Queue File System.
[   12.920808] systemd[1]: Mounted Huge Pages File System.
[[0;32m  OK  [0m] Mounted Huge Pages File System.
[   12.922599] systemd[1]: Mounted Debug File System.
[[0;32m  OK  [0m] Mounted Debug File System.
[   12.924449] systemd[1]: Started Journal Service.
[[0;32m  OK  [0m] Started Journal Service.
[[0;32m  OK  [0m] Started Create list of required sta...ce nodes for the current kernel.
[[0;32m  OK  [0m] Started Set console keymap.
[[0;32m  OK  [0m] Started Remount Root and Kernel File Systems.
[[0;32m  OK  [0m] Started Load Kernel Modules.
[[0;32m  OK  [0m] Started Uncomplicated firewall.
[[0;32m  OK  [0m] Started Nameserver information manager.
[[0;32m  OK  [0m] Started LVM2 metadata daemon.
         Starting Apply Kernel Variables...
         Mounting FUSE Control File System...
         Starting Load/Save Random Seed...
         Starting udev Coldplug all Devices...
         Starting Create Static Device Nodes in /dev...
         Starting Flush Journal to Persistent Storage...
[[0;32m  OK  [0m] Mounted FUSE Control File System.
[[0;32m  OK  [0m] Started Apply Kernel Variables.
[[0;32m  OK  [0m] Started Load/Save Random Seed.
[[0;32m  OK  [0m] Started Create Static Device Nodes in /dev.
[[0;32m  OK  [0m] Started udev Coldplug all Devices.
[[0;32m  OK  [0m] Started Flush Journal to Persistent Storage.
         Starting udev Kernel Device Manager...
[[0;32m  OK  [0m] Started udev Kernel Device Manager.
[[0;32m  OK  [0m] Started Dispatch Password Requests to Console Directory Watch.
[[0;32m  OK  [0m] Started Monitoring of LVM2 mirrors,...ng dmeventd or progress polling.
[[0;32m  OK  [0m] Reached target Local File Systems (Pre).
[[0;32m  OK  [0m] Reached target Local File Systems.
         Starting LSB: AppArmor initialization...
         Starting Run snappy firstboot setup...
         Starting Set console font and keymap...
         Starting Tell Plymouth To Write Out Runtime Data...
         Starting Create Volatile Files and Directories...
         Starting Initial cloud-init job (pre-networking)...
         Starting Commit a transient machine-id on disk...
[[0;32m  OK  [0m] Started Run snappy firstboot setup.
[[0;32m  OK  [0m] Started Tell Plymouth To Write Out Runtime Data.
[[0;32m  OK  [0m] Started Set console font and keymap.
[[0;32m  OK  [0m] Started Create Volatile Files and Directories.
[[0;32m  OK  [0m] Started Commit a transient machine-id on disk.
[[0;32m  OK  [0m] Found device /dev/ttyS0.
[[0;32m  OK  [0m] Listening on Load/Save RF Kill Switch Status /dev/rfkill Watch.
         Starting Update UTMP about System Boot/Shutdown...
[[0;32m  OK  [0m] Reached target System Time Synchronized.
[[0;32m  OK  [0m] Created slice system-getty.slice.
[[0;32m  OK  [0m] Started Update UTMP about System Boot/Shutdown.
[   13.789268] cloud-init[681]: Cloud-init v. 0.7.8 running 'init-local' at Thu, 17 Nov 2016 04:02:46 +0000. Up 13.46 seconds.
[[0;32m  OK  [0m] Started Initial cloud-init job (pre-networking).
[[0;32m  OK  [0m] Reached target Network (Pre).
[[0;32m  OK  [0m] Started LSB: AppArmor initialization.
         Starting Raise network interfaces...
[[0;32m  OK  [0m] Reached target System Initialization.
[[0;32m  OK  [0m] Started Timer to automatically refresh installed snaps.
         Starting Socket activation for snappy daemon.
[[0;32m  OK  [0m] Started ACPI Events Check.
[[0;32m  OK  [0m] Started Daily Cleanup of Temporary Directories.
[[0;32m  OK  [0m] Listening on ACPID Listen Socket.
[[0;32m  OK  [0m] Started Trigger resolvconf update for networkd DNS.
[[0;32m  OK  [0m] Reached target Paths.
[[0;32m  OK  [0m] Listening on UUID daemon activation socket.
[[0;32m  OK  [0m] Listening on D-Bus System Message Bus Socket.
         Starting LXD - unix socket.
[[0;32m  OK  [0m] Started Daily apt activities.
[[0;32m  OK  [0m] Reached target Timers.
[[0;32m  OK  [0m] Listening on Socket activation for snappy daemon.
[[0;32m  OK  [0m] Listening on LXD - unix socket.
[[0;32m  OK  [0m] Reached target Sockets.
[[0;32m  OK  [0m] Reached target Basic System.
         Starting Accounts Service...
[[0;32m  OK  [0m] Started ACPI event daemon.
[[0;32m  OK  [0m] Started FUSE filesystem for LXC.
         Starting LSB: MD monitoring daemon...
         Starting LXD - container startup/shutdown...
[[0;32m  OK  [0m] Started Regular background program processing daemon.
         Starting LSB: Record successful boot for GRUB...
         Starting Login Service...
[[0;32m  OK  [0m] Started D-Bus System Message Bus.
[[0;32m  OK  [0m] Started Deferred execution scheduler.
         Starting System Logging Service...
[[0;32m  OK  [0m] Started Snappy daemon.
[[0;32m  OK  [0m] Started Login Service.
[[0;32m  OK  [0m] Started LSB: Record successful boot for GRUB.
[[0;32m  OK  [0m] Started LSB: MD monitoring daemon.
[[0;32m  OK  [0m] Started LXD - container startup/shutdown.
[[0;32m  OK  [0m] Started System Logging Service.
         Starting Authenticate and Authorize Users to Run Privileged Tasks...
[[0;32m  OK  [0m] Started Authenticate and Authorize Users to Run Privileged Tasks.
[[0;32m  OK  [0m] Started Accounts Service.
[[0;32m  OK  [0m] Started Raise network interfaces.
         Starting Initial cloud-init job (metadata service crawler)...
[[0;32m  OK  [0m] Reached target Network.
[   16.259917] cloud-init[992]: Cloud-init v. 0.7.8 running 'init' at Thu, 17 Nov 2016 04:02:49 +0000. Up 15.70 seconds.
[[0;32m  OK  [0m] Started Initial cloud-init job (metadata service crawler).
[   16.358672] cloud-init[992]: ci-info: +++++++++++++++++++++++++++++++++++++Net device info++++++++++++++++++++++++++++++++++++++
[[   16.434901] cloud-init[992]: ci-info: +--------+------+----------------------------+---------------+-------+-------------------+
[   16.435325] cloud-init[992]: ci-info: | Device |  Up  |          Address           |      Mask     | Scope |     Hw-Address    |
[   16.435439] cloud-init[992]: ci-info: +--------+------+----------------------------+---------------+-------+-------------------+
[   16.435569] cloud-init[992]: ci-info: |   lo   | True |         127.0.0.1          |   255.0.0.0   |   .   |         .         |
[   16.435699] cloud-init[992]: ci-info: |   lo   | True |          ::1/128           |       .       |  host |         .         |
[   16.435816] cloud-init[992]: ci-info: | enp0s3 | True |         10.0.2.15          | 255.255.255.0 |   .   | 02:ac:52:cc:1b:9c |
[   16.435933] cloud-init[992]: ci-info: | enp0s3 | True | fe80::ac:52ff:fecc:1b9c/64 |       .       |  link | 02:ac:52:cc:1b:9c |
[   16.436177] cloud-init[992]: ci-info: +--------+------+----------------------------+---------------+-------+-------------------+
[   16.436291] cloud-init[992]: ci-info: +++++++++++++++++++++++++++Route IPv4 info++++++++++++++++++++++++++++
[   16.436408] cloud-init[992]: ci-info: +-------+-------------+----------+---------------+-----------+-------+
[   16.436527] cloud-init[992]: ci-info: | Route | Destination | Gateway  |    Genmask    | Interface | Flags |
[   16.436653] cloud-init[992]: ci-info: +-------+-------------+----------+---------------+-----------+-------+
[   16.436765] cloud-init[992]: ci-info: |   0   |   0.0.0.0   | 10.0.2.2 |    0.0.0.0    |   enp0s3  |   UG  |
[   16.436878] cloud-init[992]: ci-info: |   1   |   10.0.2.0  | 0.0.0.0  | 255.255.255.0 |   enp0s3  |   U   |
[   16.436990] cloud-init[992]: ci-info: +-------+-------------+----------+---------------+-----------+-------+
[   16.437119] cloud-init[992]: Generating public/private rsa key pair.
[   16.437221] cloud-init[992]: Your identification has been saved in /etc/ssh/ssh_host_rsa_key.
[   16.437331] cloud-init[992]: Your public key has been saved in /etc/ssh/ssh_host_rsa_key.pub.
[   16.437444] cloud-init[992]: The key fingerprint is:
[   16.437559] cloud-init[992]: SHA256:qK4OxVkRen0eG8eKrTjO1Wy+rb1nXpyu9q+CHbov5V8 root@ubuntu-xenial
[   16.437672] cloud-init[992]: The key's randomart image is:
[   16.437785] cloud-init[992]: +---[RSA 2048]----+
[   16.437900] cloud-init[992]: |    o.           |
[   16.438014] cloud-init[992]: |   . o   .       |
[   16.438130] cloud-init[992]: |  . o . + o      |
[   16.438241] cloud-init[992]: | . +   * *       |
[   16.438353] cloud-init[992]: |  +   o S        |
[   16.438482] cloud-init[992]: | .   o +    o. . |
[   16.438592] cloud-init[992]: |.   + o +  * .+ E|
[   16.438706] cloud-init[992]: | . + o o o+ Bo . |
[   16.438818] cloud-init[992]: | .o.+   +o=X+==o.|
[   16.438931] cloud-init[992]: +----[SHA256]-----+
[   16.439163] cloud-init[992]: Generating public/private dsa key pair.
[   16.439275] cloud-init[992]: Your identification has been saved in /etc/ssh/ssh_host_dsa_key.
[   16.439388] cloud-init[992]: Your public key has been saved in /etc/ssh/ssh_host_dsa_key.pub.
[   16.439502] cloud-init[992]: The key fingerprint is:
[   16.439615] cloud-init[992]: SHA256:olI+Wh+cm4zzJpSpHb78PeRGJB/1AJHuG+ErJ3Pxfqk root@ubuntu-xenial
[   16.439729] cloud-init[992]: The key's randomart image is:
[   16.439845] cloud-init[992]: +---[DSA 1024]----+
[   16.439957] cloud-init[992]: |        o+       |
[   16.440192] cloud-init[992]: |        . o      |
[   16.440301] cloud-init[992]: |       . . o     |
[   16.440414] cloud-init[992]: |      . =   .    |
[   16.440529] cloud-init[992]: |    .o.*So       |
[   16.440644] cloud-init[992]: |   o=o oO        |
[   16.440757] cloud-init[992]: |  .==.++ *   .   |
[   16.440869] cloud-init[992]: |  .=====O . o    |
[   16.440983] cloud-init[992]: |  . +BBB.oEo     |
[   16.441098] cloud-init[992]: +----[SHA256]-----+
[   16.441331] cloud-init[992]: Generating public/private ecdsa key pair.
[   16.441441] cloud-init[992]: Your identification has been saved in /etc/ssh/ssh_host_ecdsa_key.
[   16.441553] cloud-init[992]: Your public key has been saved in /etc/ssh/ssh_host_ecdsa_key.pub.
[   16.441666] cloud-init[992]: The key fingerprint is:
[   16.441779] cloud-init[992]: SHA256:mc9oAs7G8O/yxbnYLWbQbotaCetevO+VQJNqE3xc+do root@ubuntu-xenial
[   16.441892] cloud-init[992]: The key's randomart image is:
[   16.442006] cloud-init[992]: +---[ECDSA 256]---+
[   16.442123] cloud-init[992]: |          ..     |
[   16.442233] cloud-init[992]: |     . . o.      |
[   16.442347] cloud-init[992]: |      o *  .     |
[   16.442469] cloud-init[992]: |       = +  .    |
[0;32m  OK  [0m] Reached target Cloud-config availability.
[[0;32m  OK  [0m] Reached target Network is Online.
[   16.442497] cloud-init[992]: |  . o +.S  o     |
[   16.480387] cloud-init[992]: |   * *.+.*..E    |
         Starting Apply the settings specified in cloud-config...
[   16.487694] cloud-init[992]: |    B *o* =      |
         Starting Pollinate to seed the pseudo random number generator...
         Starting /etc/rc.local Compatibility...
         Starting iSCSI initiator daemon (iscsid)...
[[0;32m  OK  [0m] Started /etc/rc.local Compatibility.
[[0;32m  OK  [0m] Started iSCSI initiator daemon (iscsid).
         Starting Login to default iSCSI targets...
[   16.496205] cloud-init[992]: |   o.+ O*+       |
[   16.609130] [cloud-init[0;32m  OK  [0m[992]: ] |   .+=B**o.      |Started Login to default iSCSI targets.

[   16.609432] cloud-init[992]: +----[SHA256]-----+
[   16.619150] cloud-init[992]: Generating public/private ed25519 key pair.
[   16.689553] [cloud-init[0;32m  OK  [0m[992]: ] Your identification has been saved in /etc/ssh/ssh_host_ed25519_key.Reached target Remote File Systems (Pre).

[[0;32m  OK  [0m] Reached target Remote File Systems.
[   16.689859] cloud-init[992]: Your public key has been saved in /etc/ssh/ssh_host_ed25519_key.pub.
[   16.709491] cloud-init[992]: The key fingerprint is:
[   16.711614] cloud-init[992]: SHA256:5DuWklBZ5m2fNjJRiNJME7hf+Do0RpPfD+wWwtyEmTo root@ubuntu-xenial
[   16.729611]          cloud-initStarting LSB: daemon to balance interrupts for SMP systems...[992]: 
The key's randomart image is:
[   16.735817]          Starting LSB: Set the CPU Frequency Scaling governor to "ondemand"...
cloud-init[992]: +--[ED25519 256]--+
[   16.743643]          cloud-initStarting LSB: automatic crash report generation...[992]: 
|       =*o ..    |
[   16.753280]          cloud-initStarting LSB: VirtualBox Linux Additions...[992]: 
|      o=+o..     |
[   16.758441]          cloud-initStarting Permit User Sessions...[992]: 
|      oooo++     |
[[0;32m  OK  [0m] Started Permit User Sessions.
[   16.763093] cloud-init[992]: |     ..o=.=o..   |
[   16.774982] cloud-init[992]: |    .  oSOo==    |
[   16.780177] [cloud-init[0;32m  OK  [0m[992]: ] |     . .Eo*+*.   |Started LSB: Set the CPU Frequency Scaling governor to "ondemand".

[   16.780476] [cloud-init[0;32m  OK  [0m[992]: ] |      oo=+ o +   |Started LSB: daemon to balance interrupts for SMP systems.

[   16.788594] cloud-init[992]: |       oo.  o .  |
[   16.794191] cloud-init[992]: |         . .     |
[   16.800181] cloud-init[992]: +----[SHA256]-----+
         Starting Hold until boot process finishes up...
         Starting Terminate Plymouth Boot Screen...
[   16.893320] cloud-init[1075]: Generating locales (this might take a while)...
[[0;32m  OK  [0m] Started LSB: automatic crash report generation.
[[0;32m  OK  [0m] Started LSB: VirtualBox Linux Additions.
[[0;32m  OK  [0m] Started Hold until boot process finishes up.
[[0;32m  OK  [0m] Started Terminate Plymouth Boot Screen.
[[0;32m  OK  [0m] Started Serial Getty on ttyS0.
[[0;32m  OK  [0m] Started Getty on tty1.
[[0;32m  OK  [0m] Reached target Login Prompts.
         Starting Set console scheme...
[[0;32m  OK  [0m] Started Set console scheme.
[   17.525106] cloud-init[1075]:   en_US.UTF-8... done
[   17.540388] cloud-init[1075]: Generation complete.
[[0;32m  OK  [0m] Stopped OpenBSD Secure Shell server.
         Starting OpenBSD Secure Shell server...
[[0;32m  OK  [0m] Started OpenBSD Secure Shell server.
[[0;32m  OK  [0m] Started Pollinate to seed the pseudo random number generator.
[[0;32m  OK  [0m] Reached target Multi-User System.
         Starting Notify bootloader that boot was successful...
[[0;32m  OK  [0m] Reached target Graphical Interface.
         Starting Update UTMP about System Runlevel Changes...
[[0;32m  OK  [0m] Started Notify bootloader that boot was successful.
[[0;32m  OK  [0m] Started Update UTMP about System Runlevel Changes.
[[0;32m  OK  [0m] Created slice User Slice of ubuntu.
         Starting User Manager for UID 1000...
[[0;32m  OK  [0m] Started User Manager for UID 1000.
[   18.013793] cloud-init[1075]: Cloud-init v. 0.7.8 running 'modules:config' at Thu, 17 Nov 2016 04:02:50 +0000. Up 16.77 seconds.
[[0;32m  OK  [0m] Started Apply the settings specified in cloud-config.
[[0;32m  OK  [0m] Started Session 1 of user ubuntu.
         Starting Execute cloud user/final scripts...
ci-info: no authorized ssh keys fingerprints found for user ubuntu.
<14>Nov 17 04:02:51 ec2: 
<14>Nov 17 04:02:51 ec2: #############################################################
<14>Nov 17 04:02:51 ec2: -----BEGIN SSH HOST KEY FINGERPRINTS-----
<14>Nov 17 04:02:51 ec2: 1024 SHA256:olI+Wh+cm4zzJpSpHb78PeRGJB/1AJHuG+ErJ3Pxfqk root@ubuntu-xenial (DSA)
<14>Nov 17 04:02:51 ec2: 256 SHA256:mc9oAs7G8O/yxbnYLWbQbotaCetevO+VQJNqE3xc+do root@ubuntu-xenial (ECDSA)
<14>Nov 17 04:02:51 ec2: 256 SHA256:5DuWklBZ5m2fNjJRiNJME7hf+Do0RpPfD+wWwtyEmTo root@ubuntu-xenial (ED25519)
<14>Nov 17 04:02:51 ec2: 2048 SHA256:qK4OxVkRen0eG8eKrTjO1Wy+rb1nXpyu9q+CHbov5V8 root@ubuntu-xenial (RSA)
<14>Nov 17 04:02:51 ec2: -----END SSH HOST KEY FINGERPRINTS-----
<14>Nov 17 04:02:51 ec2: #############################################################
-----BEGIN SSH HOST KEY KEYS-----
ecdsa-sha2-nistp256 AAAAE2VjZHNhLXNoYTItbmlzdHAyNTYAAAAIbmlzdHAyNTYAAABBBOmTuedVlSFaGHSmVHwkvP/uJAE+Y7Fwhejm5EZ2Ql0qm5ITmBFdFK+Aj36JYtxMC8UuXQDkEXw6+2J6d77XPWw= root@ubuntu-xenial
ssh-ed25519 AAAAC3NzaC1lZDI1NTE5AAAAILuSuUiL5gJ8vg6cDB5EyqTHvepHJ7pL969rddofNIWh root@ubuntu-xenial
ssh-rsa AAAAB3NzaC1yc2EAAAADAQABAAABAQD2cve4sMR2bRuvLM7YMkaTwSFb5XIeAFfTa7f6aHTRdurtM8BYDGPE7Nkneh/vOuBFioGMiXuAvQ56ZVP6vDUEsJSRoENrrlN0Cjsdw32l1kdeP4DlnF0Dx+digLIpOMaqIYHsYGa9o+HxRTzZrZQuw0FUmnBJsfJFuChB+lC+edzReZ/xoV8dURb5lYcNl1auhsEBO8csQVXaK3ZHwwMOacRwp2fdArSGs1kh7m7p7C6LWyBLSTtnu+vUhYn/49MVr1DZAoMPNfNJBFgtmh51/IMY6XZO2A7TwWwMt26CZNpNbgBTpExHj8ylJX5QtMSXdzsn77v7PoZkDZNpmU1j root@ubuntu-xenial
-----END SSH HOST KEY KEYS-----
[   18.827850] cloud-init[1295]: Cloud-init v. 0.7.8 running 'modules:final' at Thu, 17 Nov 2016 04:02:51 +0000. Up 18.37 seconds.
[   18.838055] cloud-init[1295]: ci-info: no authorized ssh keys fingerprints found for user ubuntu.
[   18.888485] cloud-init[1295]: Cloud-init v. 0.7.8 finished at Thu, 17 Nov 2016 04:02:52 +0000. Datasource DataSourceNoCloud [seed=/dev/sdb][dsmode=net].  Up 18.81 seconds
[[0;32m  OK  [0m] Started Execute cloud user/final scripts.
[[0;32m  OK  [0m] Reached target Cloud-init target.

Ubuntu 16.04.1 LTS ubuntu-xenial ttyS0

ubuntu-xenial login: 